// Jest Snapshot v1, https://goo.gl/fbAQLP

exports[`AbUi_HomePage __renderContactUsThumbnail should match snapshot 1`] = `
"<head></head><body><div class=\\"examples-wrapper-inner\\">
          <ul>
          <section class=\\"content-contact-us\\">
					<div class=\\"content-contact-us-inner\\">
						<h2>Still not sure what to do?</h2>
						<p>Get in touch. Weâ€™ll be happy to help you define your campaign and set up your fundraising page.</p>
						<a class=\\"custom__button-main button-blue-border\\" href=\\"http://localhost/contact_forms/new\\">
							CONTACT US
							</a>
					</div>
				</section></ul>
        </div>
        </body>"
`;
