// Jest Snapshot v1, https://goo.gl/fbAQLP

exports[`AbUi_ProjectPage _renderShareLinkComponent should match snapshot 1`] = `
"<head></head><body><div class=\\"p2p-detail-data\\"><div>
      <div class=\\"share-link\\">
        <h6> Share this campaign</h6>
        <div class=\\"share-link__wrapper\\">
        <input type=\\"text\\" value=\\"http://localhost/\\">
        <button>Copy link</button>
        </div>
      </div>
    </div></div></body>"
`;
